*****************************************************************
Pin Report - Date: Sat Jul  9 11:21:22 2016 Pinchecksum: NOT-AVAILABLE
Product: Designer
Release: v11.7
Version: 11.7.0.119
Design Name: Top_Fabric_Master
Family: SmartFusion2
Die: M2S060
Package: 484 FBGA
*****************************************************************

Port         |Pin |Fixed |Function                                     |Bank     |I/O Std   |Direction                      |I/O state in Flash*Freeze mode |Resistor Pull                      |I/O available in Flash*Freeze mode |Schmitt Trigger |Odt_Static    |Odt Imp (Ohm)  |Low Power Exit |Input Delay |Slew         |Pre-Emphasis      |Output Drive (mA) |Output Load (pF) |
-------------|----|------|---------------------------------------------|---------|----------|-------------------------------|-------------------------------|-----------------------------------|-----------------------------------|----------------|--------------|---------------|---------------|------------|-------------|------------------|------------------|-----------------|
DEVRST_N      R15  Fixed  DEVRST_N                                      ---       
i2s_sck_copy  E22  Yes    MSIO46PB2/MMUART_0_RI/GPIO_21_B               Bank2     LVTTL      Output                          TRISTATE                        None                                No                                  ---              ---            ---             ---             ---          ---           ---                4                  5                 
i2s_sck_i     F6   Yes    MSIO110NB9                                    Bank9     LVTTL      Input                           TRISTATE                        Down                                No                                  Off              ---            ---             Off             Off          ---           ---                ---                ---               
i2s_sd_copy   E4   Yes    MSIO113PB9                                    Bank9     LVTTL      Output                          TRISTATE                        None                                No                                  ---              ---            ---             ---             ---          ---           ---                4                  5                 
i2s_sd_i      H7   Yes    MSIO118PB9                                    Bank9     LVTTL      Input                           TRISTATE                        None                                No                                  Off              ---            ---             Off             Off          ---           ---                ---                ---               
i2s_ws_copy   B22  Yes    MSIO48NB2/MMUART_0_CLK/GPIO_29_B/USB_NXT_C    Bank2     LVTTL      Output                          TRISTATE                        None                                No                                  ---              ---            ---             ---             ---          ---           ---                4                  5                 
i2s_ws_i      G6   Yes    MSIO108NB9                                    Bank9     LVTTL      Input                           TRISTATE                        None                                No                                  Off              ---            ---             Off             Off          ---           ---                ---                ---               
LED1_GREEN    W9   Yes    MSIO162PB6                                    Bank6     LVCMOS33   Output                          TRISTATE                        None                                No                                  ---              ---            ---             ---             ---          ---           ---                20                 5                 
LED2_RED      F5   Yes    MSIO110PB9                                    Bank9     LVCMOS33   Output                          TRISTATE                        None                                No                                  ---              ---            ---             ---             ---          ---           ---                20                 5                 
LED5B         B1   Yes    MSIO114NB9                                    Bank9     LVCMOS33   Output                          TRISTATE                        None                                No                                  ---              ---            ---             ---             ---          ---           ---                20                 5                 
LED5G         C4   Yes    MSIO107PB9                                    Bank9     LVCMOS33   Output                          TRISTATE                        None                                No                                  ---              ---            ---             ---             ---          ---           ---                20                 5                 
LED5R         C3   Yes    MSIO109PB9                                    Bank9     LVCMOS33   Output                          TRISTATE                        None                                No                                  ---              ---            ---             ---             ---          ---           ---                20                 5                 
RESET_OUT_N   D5   Yes    MSIO107NB9                                    Bank9     LVCMOS33   Output                          TRISTATE                        None                                No                                  ---              ---            ---             ---             ---          ---           ---                4                  5                 
RX            G18  Yes    MSIO43NB2/MMUART_1_RXD/GPIO_26_B/USB_DATA3_C  Bank2     LVCMOS33   Input                           TRISTATE                        None                                No                                  Off              ---            ---             Off             Off          ---           ---                ---                ---               
SPISCLKO      M21  Yes    MSIO16PB4/SPI_1_CLK                           Bank4     LVTTL      Output                          TRISTATE                        None                                No                                  ---              ---            ---             ---             ---          ---           ---                4                  5                 
SPISDI        M22  Yes    MSIO16NB4/SPI_1_SDI/GPIO_11_A                 Bank4     LVTTL      Input                           TRISTATE                        None                                No                                  Off              ---            ---             Off             Off          ---           ---                ---                ---               
SPISDO        L21  Yes    MSIO17PB4/SPI_1_SDO/GPIO_12_A                 Bank4     LVTTL      Output                          TRISTATE                        None                                No                                  ---              ---            ---             ---             ---          ---           ---                4                  5                 
SPISS         L20  Yes    MSIO17NB4/SPI_1_SS0/GPIO_13_A                 Bank4     LVTTL      Output                          TRISTATE                        None                                No                                  ---              ---            ---             ---             ---          ---           ---                4                  5                 
SPISS_COPY    K16  Yes    MSIO23NB4/SPI_1_SS1/GPIO_14_A                 Bank4     LVTTL      Output                          TRISTATE                        None                                No                                  ---              ---            ---             ---             ---          ---           ---                4                  5                 
TX            H19  Yes    MSIO42NB2/MMUART_1_TXD/GPIO_24_B/USB_DATA2_C  Bank2     LVCMOS33   Output                          TRISTATE                        None                                No                                  ---              ---            ---             ---             ---          ---           ---                4                  5                 
