*****************************************************************
Pin Report - Date: Sat Jul  9 11:21:22 2016 Pinchecksum: NOT-AVAILABLE
Product: Designer
Release: v11.7
Version: 11.7.0.119
Design Name: Top_Fabric_Master
Family: SmartFusion2
Die: M2S060
Package: 484 FBGA
*****************************************************************

Number |Port         |Function                                                        |State      |I/O Std  |Direction |I/O state in Flash*Freeze mode |Resistor Pull |I/O available in Flash*Freeze mode |Schmitt Trigger |Odt_Static |Odt Imp (Ohm) |Low Power Exit |Input Delay |Slew |Pre-Emphasis |Output Drive (mA) |Output Load (pF) |
-------|-------------|----------------------------------------------------------------|-----------|---------|----------|-------------------------------|--------------|-----------------------------------|----------------|-----------|--------------|---------------|------------|-----|-------------|------------------|-----------------|
A1                    VSS                                                              Reserved    
A2                    MSIO112NB9                                                       Unassigned  
A3                    DDRIO87NB1                                                       Unassigned  
A4                    DDRIO87PB1                                                       Unassigned  
A5                    DDRIO86NB1                                                       Unassigned  
A6                    DDRIO80NB1/GB4/CCC_NW1_CLKI2                                     Special     
A7                    DDRIO77PB1/MDDR_DQ_ECC1                                          Unassigned  
A8                    DDRIO77NB1/MDDR_DQ_ECC0                                          Unassigned  
A9                    DDRIO75NB1/MDDR_DQ1                                              Unassigned  
A10                   DDRIO72PB1/MDDR_DM_RDQS0                                         Unassigned  
A11                   DDRIO72NB1/MDDR_DQ4                                              Unassigned  
A12                   DDRIO69PB1/MDDR_DQ8                                              Unassigned  
A13                   DDRIO69NB1/MDDR_DQ9                                              Unassigned  
A14                   DDRIO65PB1/MDDR_DQ12/GB12/CCC_NE1_CLKI2                          Special     
A15                   DDRIO65NB1/MDDR_DQ13                                             Unassigned  
A16                   DDRIO60PB1/MDDR_CLK                                              Unassigned  
A17                   DDRIO60NB1/MDDR_CLK_N                                            Unassigned  
A18                   DDRIO59PB1/MDDR_BA0                                              Unassigned  
A19                   DDRIO59NB1/MDDR_BA1                                              Unassigned  
A20                   DDRIO55NB1/MDDR_ADDR6                                            Unassigned  
A21                   DDRIO52PB1/MDDR_ADDR10                                           Unassigned  
A22                   VSS                                                              Reserved    
AA1                   VSS                                                              Reserved    
AA2                   DNC                                                              Reserved    
AA3                   VSS                                                              Reserved    
AA4                   DNC                                                              Reserved    
AA5                   VSS                                                              Reserved    
AA6                   DNC                                                              Reserved    
AA7                   VSS                                                              Reserved    
AA8                   DNC                                                              Reserved    
AA9                   VSS                                                              Reserved    
AA10                  MSIO168PB6                                                       Unassigned  
AA11                  MSIO171PB6                                                       Unassigned  
AA12                  MSIO173PB6                                                       Unassigned  
AA13                  MSIO175PB6/VCCC_SE0_CLKI                                         Special     
AA14                  VSS                                                              Reserved    
AA15                  MSIO179NB6                                                       Unassigned  
AA16                  MSIO184PB6                                                       Unassigned  
AA17                  MSIO184NB6                                                       Unassigned  
AA18                  MSIO190NB6                                                       Unassigned  
AA19                  VDDI6                                                            Reserved    
AA20                  XTLOSC_AUX_EXTAL                                                 Reserved    
AA21                  XTLOSC_MAIN_EXTAL                                                Reserved    
AA22                  JTAGSEL                                                          Reserved    
AB1                   VSS                                                              Reserved    
AB2                   DNC                                                              Reserved    
AB3                   VSS                                                              Reserved    
AB4                   DNC                                                              Reserved    
AB5                   VSS                                                              Reserved    
AB6                   DNC                                                              Reserved    
AB7                   VSS                                                              Reserved    
AB8                   DNC                                                              Reserved    
AB9                   VSS                                                              Reserved    
AB10                  MSIO168NB6                                                       Unassigned  
AB11                  MSIO171NB6                                                       Unassigned  
AB12                  VDDI6                                                            Reserved    
AB13                  MSIO174PB6/CCC_SW1_CLKI3                                         Special     
AB14                  MSIO174NB6                                                       Unassigned  
AB15                  MSIO179PB6/VCCC_SE1_CLKI                                         Special     
AB16                  VSS                                                              Reserved    
AB17                  MSIO190PB6                                                       Unassigned  
AB18                  MSIO192PB6                                                       Unassigned  
AB19                  MSIO192NB6                                                       Unassigned  
AB20                  XTLOSC_AUX_XTAL                                                  Reserved    
AB21                  XTLOSC_MAIN_XTAL                                                 Reserved    
AB22                  VSS                                                              Reserved    
B1      LED5B         MSIO114NB9                                                       Fixed       LVCMOS33  Output     TRISTATE                        None           No                                  ---              ---         ---            ---             ---          ---   ---           20                 5                 
B2                    MSIO112PB9                                                       Unassigned  
B3                    MSIO109NB9                                                       Unassigned  
B4                    VSS                                                              Reserved    
B5                    DDRIO86PB1                                                       Unassigned  
B6                    DDRIO80PB1/GB0/CCC_NW0_CLKI3                                     Special     
B7                    DDRIO79NB1/MDDR_DQS_ECC_N                                        Unassigned  
B8                    VDDI1                                                            Reserved    
B9                    DDRIO75PB1/MDDR_DQ0                                              Unassigned  
B10                   VSS                                                              Reserved    
B11                   DDRIO73PB1/MDDR_DQS0                                             Unassigned  
B12                   VDDI1                                                            Reserved    
B13                   DDRIO67PB1/MDDR_DQS1/GB8/CCC_NE0_CLKI3                           Special     
B14                   VSS                                                              Reserved    
B15                   DDRIO62PB1/MDDR_CKE                                              Unassigned  
B16                   VDDI1                                                            Reserved    
B17                   DDRIO58NB1/MDDR_ADDR0                                            Unassigned  
B18                   VSS                                                              Reserved    
B19                   DDRIO55PB1/MDDR_ADDR5                                            Unassigned  
B20                   VDDI1                                                            Reserved    
B21                   DDRIO52NB1/MDDR_ADDR11                                           Unassigned  
B22     i2s_ws_copy   MSIO48NB2/MMUART_0_CLK/GPIO_29_B/USB_NXT_C                       Fixed       LVTTL     Output     TRISTATE                        None           No                                  ---              ---         ---            ---             ---          ---   ---           4                  5                 
C1                    MSIO114PB9                                                       Unassigned  
C2                    VDDI9                                                            Reserved    
C3      LED5R         MSIO109PB9                                                       Fixed       LVCMOS33  Output     TRISTATE                        None           No                                  ---              ---         ---            ---             ---          ---   ---           20                 5                 
C4      LED5G         MSIO107PB9                                                       Fixed       LVCMOS33  Output     TRISTATE                        None           No                                  ---              ---         ---            ---             ---          ---   ---           20                 5                 
C5                    DDRIO85PB1                                                       Unassigned  
C6                    VDDI1                                                            Reserved    
C7                    DDRIO79PB1/MDDR_DQS_ECC                                          Unassigned  
C8                    VSS                                                              Reserved    
C9                    DDRIO76NB1                                                       Unassigned  
C10                   VDDI1                                                            Reserved    
C11                   DDRIO73NB1/MDDR_DQS0_N                                           Unassigned  
C12                   VSS                                                              Reserved    
C13                   DDRIO67NB1/MDDR_DQS1_N                                           Unassigned  
C14                   VDDI1                                                            Reserved    
C15                   DDRIO62NB1/MDDR_CS_N                                             Unassigned  
C16                   DDRIO58PB1/MDDR_BA2                                              Unassigned  
C17                   DDRIO56PB1/MDDR_ADDR3                                            Unassigned  
C18                   DDRIO56NB1/MDDR_ADDR4                                            Unassigned  
C19                   DDRIO54NB1/MDDR_ADDR7                                            Unassigned  
C20                   DDRIO54PB1/MDDR_ODT                                              Unassigned  
C21                   VSS                                                              Reserved    
C22                   MSIO48PB2/MMUART_0_RXD/GPIO_28_B/USB_STP_C                       Unassigned  
D1                    MSIO115PB9                                                       Unassigned  
D2                    MSIO115NB9                                                       Unassigned  
D3                    MSIO111PB9                                                       Unassigned  
D4                    MSIO111NB9                                                       Unassigned  
D5      RESET_OUT_N   MSIO107NB9                                                       Fixed       LVCMOS33  Output     TRISTATE                        None           No                                  ---              ---         ---            ---             ---          ---   ---           4                  5                 
D6                    DDRIO85NB1                                                       Unassigned  
D7                    MDDR_IMP_CALIB                                                   Reserved    
D8                    DDRIO78NB1/MDDR_DM_RDQS_ECC                                      Unassigned  
D9                    DDRIO76PB1/CCC_NW1_CLKI3                                         Special     
D10                   DDRIO71PB1/MDDR_DQ5                                              Unassigned  
D11                   DDRIO71NB1/MDDR_DQ6                                              Unassigned  
D12                   DDRIO68PB1/MDDR_DQ10/CCC_NE0_CLKI2                               Special     
D13                   DDRIO68NB1/MDDR_DQ11                                             Unassigned  
D14                   DDRIO64PB1/MDDR_DQ14/CCC_NE1_CLKI3                               Special     
D15                   VSS                                                              Reserved    
D16                   DDRIO57PB1/MDDR_ADDR1                                            Unassigned  
D17                   VDDI1                                                            Reserved    
D18                   DDRIO50PB1/MDDR_ADDR14                                           Unassigned  
D19                   VSS                                                              Reserved    
D20                   DDRIO51NB1/MDDR_ADDR13                                           Unassigned  
D21                   MSI47NB2/MMUART_0_TXD/GPIO_27_B/USB_DIR_C                        Unassigned  
D22                   FLASH_GOLDEN_N                                                   Reserved    
E1                    MSIO116PB9                                                       Unassigned  
E2                    MSIO116NB9                                                       Unassigned  
E3                    VSS                                                              Reserved    
E4      i2s_sd_copy   MSIO113PB9                                                       Fixed       LVTTL     Output     TRISTATE                        None           No                                  ---              ---         ---            ---             ---          ---   ---           4                  5                 
E5                    MSIO113NB9                                                       Unassigned  
E6                    VSS                                                              Reserved    
E7                    DDRIO81PB1/MDDR_TMATCH_ECC_OUT                                   Unassigned  
E8                    DDRIO78PB1/MDDR_TMATCH_ECC_IN                                    Unassigned  
E9                    VSS                                                              Reserved    
E10                   DDRIO74NB1/MDDR_DQ3                                              Unassigned  
E11                   VDDI1                                                            Reserved    
E12                   DDRIO70PB1/MDDR_DQ7                                              Unassigned  
E13                   DDRIO64NB1/MDDR_DQ15                                             Unassigned  
E14                   VSS                                                              Reserved    
E15                   DDRIO61PB1/MDDR_RESET_N                                          Unassigned  
E16                   DDRIO57NB1/MDDR_ADDR2                                            Unassigned  
E17                   DDRIO53PB1/MDDR_ADDR8                                            Unassigned  
E18                   DDRIO50NB1/MDDR_ADDR15                                           Unassigned  
E19                   DDRIO51PB1/MDDR_ADDR12                                           Unassigned  
E20                   VDDI2                                                            Reserved    
E21                   MSIO46NB2/MMUART_0_DCD/GPIO_22_B                                 Unassigned  
E22     i2s_sck_copy  MSIO46PB2/MMUART_0_RI/GPIO_21_B                                  Fixed       LVTTL     Output     TRISTATE                        None           No                                  ---              ---         ---            ---             ---          ---   ---           4                  5                 
F1                    VDDI9                                                            Reserved    
F2                    MSIO121NB9                                                       Unassigned  
F3                    MSIO117PB9                                                       Unassigned  
F4                    MSIO117NB9                                                       Unassigned  
F5      LED2_RED      MSIO110PB9                                                       Fixed       LVCMOS33  Output     TRISTATE                        None           No                                  ---              ---         ---            ---             ---          ---   ---           20                 5                 
F6      i2s_sck_i     MSIO110NB9                                                       Fixed       LVTTL     Input      TRISTATE                        Down           No                                  Off              ---         ---            Off             Off          ---   ---           ---                ---               
F7                    VDDI1                                                            Reserved    
F8                    DDRIO81NB1/CCC_NW0_CLKI2                                         Special     
F9                    VDDI1                                                            Reserved    
F10                   DDRIO74PB1/MDDR_DQ2                                              Unassigned  
F11                   VSS                                                              Reserved    
F12                   DDRIO70NB1/MDDR_TMATCH_0_OUT                                     Unassigned  
F13                   VDDI1                                                            Reserved    
F14                   DDRIO63PB1/MDDR_RAS_N                                            Unassigned  
F15                   DDRIO61NB1/MDDR_CAS_N                                            Unassigned  
F16                   VSS                                                              Reserved    
F17                   DDRIO53NB1/MDDR_ADDR9                                            Unassigned  
F18                   MSIO45NB2/MMUART_0_DSR/GPIO_20_B                                 Unassigned  
F19                   MSIO45PB2/MMUART_0_CTS/GPIO_19_B/USB_DATA7_C                     Unassigned  
F20                   MSIO44NB2/MMUART_0_DTR/GPIO_18_B/USB_DATA6_C                     Unassigned  
F21                   MSIO44PB2/MMUART_0_RTS/GPIO_17_B/USB_DATA5_C                     Unassigned  
F22                   VDDI2                                                            Reserved    
G1                    MSIO123NB9                                                       Unassigned  
G2                    MSIO121PB9                                                       Unassigned  
G3                    MSIO122NB9                                                       Unassigned  
G4                    VDDI9                                                            Reserved    
G5                    MSIO108PB9                                                       Unassigned  
G6      i2s_ws_i      MSIO108NB9                                                       Fixed       LVTTL     Input      TRISTATE                        None           No                                  Off              ---         ---            Off             Off          ---   ---           ---                ---               
G7                    MSIO118NB9                                                       Unassigned  
G8                    CCC_NW1_PLL_VSSA                                                 Reserved    
G9                    CCC_NW1_PLL_VDDA                                                 Reserved    
G10                   VREF1                                                            Reserved    
G11                   VREF1                                                            Reserved    
G12                   DDRIO66PB1/MDDR_TMATCH_0_IN                                      Unassigned  
G13                   DDRIO66NB1/MDDR_DM_RDQS1                                         Unassigned  
G14                   DDRIO63NB1/MDDR_WE_N                                             Unassigned  
G15                   VREF1                                                            Reserved    
G16                   MSIO49NB2/I2C_0_SCL/GPIO_31_B/USB_DATA1_C                        Unassigned  
G17                   MSIO49PB2/I2C_0_SDA/GPIO_30_B/USB_DATA0_C                        Unassigned  
G18     RX            MSIO43NB2/MMUART_1_RXD/GPIO_26_B/USB_DATA3_C                     Fixed       LVCMOS33  Input      TRISTATE                        None           No                                  Off              ---         ---            Off             Off          ---   ---           ---                ---               
G19                   MSIO43PB2/MMUART_1_CLK/GPIO_25_B/USB_DATA4_C/GB14/VCCC_SE1_CLKI  Special     
G20                   VSS                                                              Reserved    
G21                   MSIO41NB2/MMUART_1_DCD/GPIO_16_B                                 Unassigned  
G22                   MSIO41PB2/MMUART_1_RI/GPIO_15_B/CCC_NE1_CLKI1                    Special     
H1                    MSIO123PB9/GB6/CCC_NW1_CLKI1                                     Special     
H2                    VSS                                                              Reserved    
H3                    MSIO122PB9                                                       Unassigned  
H4                    MSIO120PB9                                                       Unassigned  
H5                    MSIO120NB9                                                       Unassigned  
H6                    MSIO119PB9                                                       Unassigned  
H7      i2s_sd_i      MSIO118PB9                                                       Fixed       LVTTL     Input      TRISTATE                        None           No                                  Off              ---         ---            Off             Off          ---   ---           ---                ---               
H8                    CCC_NW0_PLL_VDDA                                                 Reserved    
H9                    VSS                                                              Reserved    
H10                   VDD                                                              Reserved    
H11                   VSS                                                              Reserved    
H12                   VDDI1                                                            Reserved    
H13                   VSS                                                              Reserved    
H14                   VDDI1                                                            Reserved    
H15                   CCC_NE0_PLL_VDDA                                                 Reserved    
H16                   MSS_MDDR_PLL_VDDA                                                Reserved    
H17                   MSS_MDDR_PLL_VSSA                                                Reserved    
H18                   VDDI2                                                            Reserved    
H19     TX            MSIO42NB2/MMUART_1_TXD/GPIO_24_B/USB_DATA2_C                     Fixed       LVCMOS33  Output     TRISTATE                        None           No                                  ---              ---         ---            ---             ---          ---   ---           4                  5                 
H20                   MSIO42PB2/USB_XCLK_C/GB10/VCCC_SE0_CLKI                          Special     
H21                   MSIO39NB2/MMUART_1_DTR/GPIO_12_B                                 Unassigned  
H22                   MSIO39PB2/MMUART_1_RTS/GPIO_11_B                                 Unassigned  
J1                    MSIO125PB9/CCC_NW1_CLKI0                                         Special     
J2                    MSIO125NB9                                                       Unassigned  
J3                    MSIO124PB9/GB2/CCC_NW0_CLKI1                                     Special     
J4                    MSIO124NB9                                                       Unassigned  
J5                    VSS                                                              Reserved    
J6                    MSIO119NB9                                                       Unassigned  
J7                    VDDI9                                                            Reserved    
J8                    CCC_NW0_PLL_VSSA                                                 Reserved    
J9                    VDD                                                              Reserved    
J10                   VSS                                                              Reserved    
J11                   VDD                                                              Reserved    
J12                   VSS                                                              Reserved    
J13                   VDD                                                              Reserved    
J14                   VSS                                                              Reserved    
J15                   CCC_NE0_PLL_VSSA                                                 Reserved    
J16                   CCC_NE1_PLL_VSSA                                                 Reserved    
J17                   CCC_NE1_PLL_VDDA                                                 Reserved    
J18                   MSIO24NB4/SPI_1_SS3/GPIO_16_A                                    Unassigned  
J19                   MSIO40NB2/MMUART_1_DSR/GPIO_14_B                                 Unassigned  
J20                   MSIO40PB2/MMUART_1_CTS/GPIO_13_B/CCC_NE0_CLKI1                   Special     
J21                   VDDI2                                                            Reserved    
J22                   MSIO20NB4/GPIO_26_A/GB13/VCCC_SE1_CLKI                           Special     
K1                    MSIOD145PB8/CCC_SW0_CLKI0                                        Special     
K2                    MSIOD145NB8                                                      Unassigned  
K3                    VDDI8                                                            Reserved    
K4                    MSIOD142PB8/GB5/CCC_SW1_CLKI1                                    Special     
K5                    MSIOD142NB8                                                      Unassigned  
K6                    MSIO126PB9/CCC_NW0_CLKI0                                         Special     
K7                    MSIO126NB9                                                       Unassigned  
K8                    MSIOD143PB8/GB1/CCC_SW0_CLKI1                                    Special     
K9                    VSS                                                              Reserved    
K10                   VDD                                                              Reserved    
K11                   VSS                                                              Reserved    
K12                   VDD                                                              Reserved    
K13                   VSS                                                              Reserved    
K14                   VDD                                                              Reserved    
K15                   MSIO22NB4/SPI_0_SS2/GPIO_9_A/USB_DATA6_A                         Unassigned  
K16     SPISS_COPY    MSIO23NB4/SPI_1_SS1/GPIO_14_A                                    Fixed       LVTTL     Output     TRISTATE                        None           No                                  ---              ---         ---            ---             ---          ---   ---           4                  5                 
K17                   MSIO23PB4/SPI_0_SS3/GPIO_10_A/USB_DATA7_A                        Unassigned  
K18                   MSIO24PB4/SPI_1_SS2/GPIO_15_A                                    Unassigned  
K19                   VSS                                                              Reserved    
K20                   MSIO19NB4/SPI_1_SS7/GPIO_24_A                                    Unassigned  
K21                   MSIO19PB4/SPI_1_SS6/GPIO_23_A                                    Unassigned  
K22                   MSIO20PB4/GPIO_25_A/GB9/VCCC_SE0_CLKI                            Special     
L1                    VSS                                                              Reserved    
L2                    MSIOD151PB8                                                      Unassigned  
L3                    MSIOD151NB8                                                      Unassigned  
L4                    MSIOD152PB8                                                      Unassigned  
L5                    MSIOD152NB8                                                      Unassigned  
L6                    VDDI8                                                            Reserved    
L7                    MSIOD144NB8                                                      Unassigned  
L8                    MSIOD143NB8                                                      Unassigned  
L9                    VDD                                                              Reserved    
L10                   VSS                                                              Reserved    
L11                   VDD                                                              Reserved    
L12                   VSS                                                              Reserved    
L13                   VDD                                                              Reserved    
L14                   VSS                                                              Reserved    
L15                   VPP                                                              Reserved    
L16                   MSIO22PB4/SPI_0_SS1/GPIO_8_A/USB_DATA5_A                         Unassigned  
L17                   VDDI4                                                            Reserved    
L18                   MSIO18NB4/SPI_1_SS5/GPIO_18_A                                    Unassigned  
L19                   MSIO18PB4/SPI_1_SS4/GPIO_17_A                                    Unassigned  
L20     SPISS         MSIO17NB4/SPI_1_SS0/GPIO_13_A                                    Fixed       LVTTL     Output     TRISTATE                        None           No                                  ---              ---         ---            ---             ---          ---   ---           4                  5                 
L21     SPISDO        MSIO17PB4/SPI_1_SDO/GPIO_12_A                                    Fixed       LVTTL     Output     TRISTATE                        None           No                                  ---              ---         ---            ---             ---          ---   ---           4                  5                 
L22                   VSS                                                              Reserved    
M1                    MSIOD154NB8                                                      Unassigned  
M2                    MSIOD150NB8                                                      Unassigned  
M3                    MSIOD150PB8                                                      Unassigned  
M4                    VSS                                                              Reserved    
M5                    MSIOD147PB8                                                      Unassigned  
M6                    MSIOD147NB8                                                      Unassigned  
M7                    MSIOD144PB8/CCC_SW1_CLKI0                                        Special     
M8                    MSIOD149NB8                                                      Unassigned  
M9                    VSS                                                              Reserved    
M10                   VDD                                                              Reserved    
M11                   VSS                                                              Reserved    
M12                   VDD                                                              Reserved    
M13                   VSS                                                              Reserved    
M14                   VDD                                                              Reserved    
M15                   VPPNVM                                                           Reserved    
M16                   MSIO14PB4/SPI_0_SS4/GPIO_19_A                                    Unassigned  
M17                   MSIO14NB4/SPI_0_SS5/GPIO_20_A                                    Unassigned  
M18                   MSIO15PB4/SPI_0_SS6/GPIO_21_A                                    Unassigned  
M19                   MSIO15NB4/SPI_0_SS7/GPIO_22_A                                    Unassigned  
M20                   VDDI4                                                            Reserved    
M21     SPISCLKO      MSIO16PB4/SPI_1_CLK                                              Fixed       LVTTL     Output     TRISTATE                        None           No                                  ---              ---         ---            ---             ---          ---   ---           4                  5                 
M22     SPISDI        MSIO16NB4/SPI_1_SDI/GPIO_11_A                                    Fixed       LVTTL     Input      TRISTATE                        None           No                                  Off              ---         ---            Off             Off          ---   ---           ---                ---               
N1                    MSIOD154PB8                                                      Unassigned  
N2                    VDDI8                                                            Reserved    
N3                    MSIOD146PB8                                                      Unassigned  
N4                    MSIOD146NB8                                                      Unassigned  
N5                    MSIOD148PB8                                                      Unassigned  
N6                    MSIOD148NB8                                                      Unassigned  
N7                    VSS                                                              Reserved    
N8                    MSIOD149PB8                                                      Unassigned  
N9                    VDD                                                              Reserved    
N10                   VSS                                                              Reserved    
N11                   VDD                                                              Reserved    
N12                   VSS                                                              Reserved    
N13                   VDD                                                              Reserved    
N14                   VSS                                                              Reserved    
N15                   VSSNVM                                                           Reserved    
N16                   MSIO8PB4/CAN_RX/GPIO_3_A/USB_DATA1_A                             Unassigned  
N17                   MSIO8NB4/CAN_TX_EN_N/GPIO_4_A/USB_DATA2_A                        Unassigned  
N18                   VSS                                                              Reserved    
N19                   MSIO12PB4/SPI_0_CLK/USB_XCLK_A                                   Unassigned  
N20                   MSIO12NB4/SPI_0_SDI/GPIO_5_A/USB_DIR_A                           Unassigned  
N21                   MSIO13PB4/SPI_0_SDO/GPIO_6_A/USB_STP_A                           Unassigned  
N22                   MSIO13NB4/SPI_0_SS0/GPIO_7_A/USB_NXT_A                           Unassigned  
P1                    MSIOD157PB8                                                      Unassigned  
P2                    MSIOD157NB8                                                      Unassigned  
P3                    MSIOD153NB8                                                      Unassigned  
P4                    MSIOD153PB8                                                      Unassigned  
P5                    VDDI8                                                            Reserved    
P6                    MSIOD155PB8                                                      Unassigned  
P7                    MSIOD155NB8                                                      Unassigned  
P8                    VDD                                                              Reserved    
P9                    VSS                                                              Reserved    
P10                   VDD                                                              Reserved    
P11                   VSS                                                              Reserved    
P12                   VDD                                                              Reserved    
P13                   VSS                                                              Reserved    
P14                   VDD                                                              Reserved    
P15                   VPP                                                              Reserved    
P16                   MSIO7NB4/CAN_TX/GPIO_2_A/USB_DATA0_A                             Unassigned  
P17                   MSIO6PB4/USB_DATA6_B                                             Unassigned  
P18                   MSIO6NB4                                                         Unassigned  
P19                   SC_SPI_SDO                                                       Reserved    
P20                   SC_SPI_SS                                                        Reserved    
P21                   VSS                                                              Reserved    
P22                   MSIO11PB4/I2C_1_SDA/GPIO_0_A/USB_DATA3_A/CCC_NE0_CLKI0           Special     
R1                    MSIOD158NB8                                                      Unassigned  
R2                    MSIOD158PB8                                                      Unassigned  
R3                    MSIOD156PB8                                                      Unassigned  
R4                    MSIOD156NB8                                                      Unassigned  
R5                    VSS                                                              Reserved    
R6                    CCC_SW0_PLL_VSSA                                                 Reserved    
R7                    CCC_SW1_PLL_VDDA                                                 Reserved    
R8                    VDD                                                              Reserved    
R9                    VSS                                                              Reserved    
R10                   VSS                                                              Reserved    
R11                   VDD                                                              Reserved    
R12                   VSS                                                              Reserved    
R13                   VDD                                                              Reserved    
R14                   VSS                                                              Reserved    
R15     DEVRST_N      DEVRST_N                                                         Dedicated   
R16                   MSIO7PB4                                                         Unassigned  
R17                   MSIO1PB4/USB_XCLK_B                                              Unassigned  
R18                   MSIO1NB4/USB_DIR_B                                               Unassigned  
R19                   VDDI4                                                            Reserved    
R20                   SC_SPI_CLK                                                       Reserved    
R21                   SC_SPI_SDI                                                       Reserved    
R22                   MSIO11NB4/I2C_1_SCL/GPIO_1_A/USB_DATA4_A/CCC_NE1_CLKI0           Special     
T1                    MSIOD160NB7                                                      Unassigned  
T2                    VSS                                                              Reserved    
T3                    MSIOD159NB8                                                      Unassigned  
T4                    MSIOD159PB8                                                      Unassigned  
T5                    CCC_SW0_PLL_VDDA                                                 Reserved    
T6                    VSS                                                              Reserved    
T7                    CCC_SW1_PLL_VSSA                                                 Reserved    
T8                    VPP                                                              Reserved    
T9                    VDD                                                              Reserved    
T10                   VDD                                                              Reserved    
T11                   NC                                                               Reserved    
T12                   NC                                                               Reserved    
T13                   MSIO176NB6                                                       Unassigned  
T14                   VDDI6                                                            Reserved    
T15                   VSS                                                              Reserved    
T16                   MSIO195NB6                                                       Unassigned  
T17                   VSS                                                              Reserved    
T18                   MSIO2PB4/USB_STP_B                                               Unassigned  
T19                   MSIO2NB4/USB_NXT_B                                               Unassigned  
T20                   MSIO5PB4/USB_DATA4_B                                             Unassigned  
T21                   MSIO5NB4/USB_DATA5_B                                             Unassigned  
T22                   VDDI4                                                            Reserved    
U1                    MSIOD160PB7                                                      Unassigned  
U2                    VDDI7                                                            Reserved    
U3                    MSIOD161PB7                                                      Unassigned  
U4                    MSIOD161NB7                                                      Unassigned  
U5                    DNC                                                              Reserved    
U6                    VSS                                                              Reserved    
U7                    VDD                                                              Reserved    
U8                    VDD                                                              Reserved    
U9                    VPP                                                              Reserved    
U10                   MSIO164PB6                                                       Unassigned  
U11                   MSIO164NB6                                                       Unassigned  
U12                   VSS                                                              Reserved    
U13                   MSIO176PB6/GB11/VCCC_SE0_CLKI                                    Special     
U14                   MSIO188PB6                                                       Unassigned  
U15                   MSIO188NB6                                                       Unassigned  
U16                   MSIO195PB6                                                       Unassigned  
U17                   MSIO194NB6                                                       Unassigned  
U18                   MSIO199NB6                                                       Unassigned  
U19                   MSIO0PB4                                                         Unassigned  
U20                   VSS                                                              Reserved    
U21                   MSIO4NB4/USB_DATA3_B                                             Unassigned  
U22                   MSIO4PB4/USB_DATA2_B                                             Unassigned  
V1                    VSS                                                              Reserved    
V2                    VSS                                                              Reserved    
V3                    VSS                                                              Reserved    
V4                    VSS                                                              Reserved    
V5                    VSS                                                              Reserved    
V6                    VSS                                                              Reserved    
V7                    VSS                                                              Reserved    
V8                    DNC                                                              Reserved    
V9                    VSS                                                              Reserved    
V10                   VDDI6                                                            Reserved    
V11                   MSIO167PB6/GB3/CCC_SW0_CLKI3                                     Special     
V12                   MSIO172NB6                                                       Unassigned  
V13                   MSIO183PB6                                                       Unassigned  
V14                   MSIO183NB6                                                       Unassigned  
V15                   VSS                                                              Reserved    
V16                   MSIO187NB6                                                       Unassigned  
V17                   MSIO194PB6                                                       Unassigned  
V18                   MSIO199PB6                                                       Unassigned  
V19                   MSIO0NB4/USB_DATA7_B                                             Unassigned  
V20                   JTAG_TMS/M3_TMS/M3_SWDIO                                         Reserved    
V21                   MSIO3NB4/USB_DATA1_B                                             Unassigned  
V22                   MSIO3PB4/USB_DATA0_B                                             Unassigned  
W1                    VSS                                                              Reserved    
W2                    VSS                                                              Reserved    
W3                    VSS                                                              Reserved    
W4                    VSS                                                              Reserved    
W5                    VSS                                                              Reserved    
W6                    VSS                                                              Reserved    
W7                    VSS                                                              Reserved    
W8                    VSS                                                              Reserved    
W9      LED1_GREEN    MSIO162PB6                                                       Fixed       LVCMOS33  Output     TRISTATE                        None           No                                  ---              ---         ---            ---             ---          ---   ---           20                 5                 
W10                   User Reserved                                                    Unassigned  
W11                   MSIO167NB6/GB7/CCC_SW1_CLKI2                                     Special     
W12                   MSIO172PB6                                                       Unassigned  
W13                   VDDI6                                                            Reserved    
W14                   MSIO178NB6                                                       Unassigned  
W15                   MSIO182NB6                                                       Unassigned  
W16                   MSIO187PB6                                                       Unassigned  
W17                   MSIO191NB6                                                       Unassigned  
W18                   VSS                                                              Reserved    
W19                   MSIO196NB6                                                       Unassigned  
W20                   JTAG_TCK/M3_TCK                                                  Reserved    
W21                   VDDI5                                                            Reserved    
W22                   JTAG_TDI/M3_TDI                                                  Reserved    
Y1                    VSS                                                              Reserved    
Y2                    VSS                                                              Reserved    
Y3                    VSS                                                              Reserved    
Y4                    VSS                                                              Reserved    
Y5                    VSS                                                              Reserved    
Y6                    VSS                                                              Reserved    
Y7                    VSS                                                              Reserved    
Y8                    VSS                                                              Reserved    
Y9                    MSIO162NB6/CCC_SW0_CLKI2                                         Special     
Y10                   User Reserved                                                    Unassigned  
Y11                   VSS                                                              Reserved    
Y12                   MSIO173NB6                                                       Unassigned  
Y13                   MSIO175NB6                                                       Unassigned  
Y14                   MSIO178PB6/GB15/VCCC_SE1_CLKI                                    Special     
Y15                   MSIO182PB6                                                       Unassigned  
Y16                   VDDI6                                                            Reserved    
Y17                   MSIO191PB6                                                       Unassigned  
Y18                   MSIO193PB6                                                       Unassigned  
Y19                   MSIO193NB6                                                       Unassigned  
Y20                   MSIO196PB6                                                       Unassigned  
Y21                   JTAG_TDO/M3_TDO/M3_SWO                                           Reserved    
Y22                   JTAG_TRSTB/M3_TRSTB                                              Reserved    
